[    0.000000] Initializing cgroup subsys cpuset
[    0.000000] Initializing cgroup subsys cpu
[    0.000000] Initializing cgroup subsys cpuacct
[    0.000000] Linux version 4.4.0-178-generic (buildd@lgw01-amd64-017) (gcc version 5.4.0 20160609 (Ubuntu 5.4.0-6ubuntu1~16.04.12) ) #208-Ubuntu SMP Sun Apr 5 23:45:10 UTC 2020 (Ubuntu 4.4.0-178.208-generic 4.4.217)
[    0.000000] Command line: BOOT_IMAGE=/boot/vmlinuz-4.4.0-178-generic root=LABEL=cloudimg-rootfs ro console=tty1 console=ttyS0
[    0.000000] KERNEL supported cpus:
[    0.000000]   Intel GenuineIntel
[    0.000000]   AMD AuthenticAMD
[    0.000000]   Centaur CentaurHauls
[    0.000000] x86/fpu: xstate_offset[2]:  576, xstate_sizes[2]:  256
[    0.000000] x86/fpu: Supporting XSAVE feature 0x01: 'x87 floating point registers'
[    0.000000] x86/fpu: Supporting XSAVE feature 0x02: 'SSE registers'
[    0.000000] x86/fpu: Supporting XSAVE feature 0x04: 'AVX registers'
[    0.000000] x86/fpu: Enabled xstate features 0x7, context size is 832 bytes, using 'standard' format.
[    0.000000] e820: BIOS-provided physical RAM map:
[    0.000000] BIOS-e820: [mem 0x0000000000000000-0x000000000009fbff] usable
[    0.000000] BIOS-e820: [mem 0x000000000009fc00-0x000000000009ffff] reserved
[    0.000000] BIOS-e820: [mem 0x00000000000f0000-0x00000000000fffff] reserved
[    0.000000] BIOS-e820: [mem 0x0000000000100000-0x000000003ffeffff] usable
[    0.000000] BIOS-e820: [mem 0x000000003fff0000-0x000000003fffffff] ACPI data
[    0.000000] BIOS-e820: [mem 0x00000000fec00000-0x00000000fec00fff] reserved
[    0.000000] BIOS-e820: [mem 0x00000000fee00000-0x00000000fee00fff] reserved
[    0.000000] BIOS-e820: [mem 0x00000000fffc0000-0x00000000ffffffff] reserved
[    0.000000] NX (Execute Disable) protection: active
[    0.000000] SMBIOS 2.5 present.
[    0.000000] Hypervisor detected: KVM
[    0.000000] e820: last_pfn = 0x3fff0 max_arch_pfn = 0x400000000
[    0.000000] MTRR: Disabled
[    0.000000] x86/PAT: MTRRs disabled, skipping PAT initialization too.
[    0.000000] CPU MTRRs all blank - virtualized system.
[    0.000000] x86/PAT: Configuration [0-7]: WB  WT  UC- UC  WB  WT  UC- UC  
[    0.000000] found SMP MP-table at [mem 0x0009fff0-0x0009ffff] mapped at [ffff88000009fff0]
[    0.000000] Scanning 1 areas for low memory corruption
[    0.000000] RAMDISK: [mem 0x362e0000-0x37167fff]
[    0.000000] ACPI: Early table checksum verification disabled
[    0.000000] ACPI: RSDP 0x00000000000E0000 000024 (v02 VBOX  )
[    0.000000] ACPI: XSDT 0x000000003FFF0030 00003C (v01 VBOX   VBOXXSDT 00000001 ASL  00000061)
[    0.000000] ACPI: FACP 0x000000003FFF00F0 0000F4 (v04 VBOX   VBOXFACP 00000001 ASL  00000061)
[    0.000000] ACPI: DSDT 0x000000003FFF0470 002325 (v02 VBOX   VBOXBIOS 00000002 INTL 20100528)
[    0.000000] ACPI: FACS 0x000000003FFF0200 000040
[    0.000000] ACPI: FACS 0x000000003FFF0200 000040
[    0.000000] ACPI: APIC 0x000000003FFF0240 00005C (v02 VBOX   VBOXAPIC 00000001 ASL  00000061)
[    0.000000] ACPI: SSDT 0x000000003FFF02A0 0001CC (v01 VBOX   VBOXCPUT 00000002 INTL 20100528)
[    0.000000] No NUMA configuration found
[    0.000000] Faking a node at [mem 0x0000000000000000-0x000000003ffeffff]
[    0.000000] NODE_DATA(0) allocated [mem 0x3ffeb000-0x3ffeffff]
[    0.000000] kvm-clock: Using msrs 4b564d01 and 4b564d00
[    0.000000] kvm-clock: cpu 0, msr 0:3ffe3001, primary cpu clock
[    0.000000] kvm-clock: using sched offset of 8489065169 cycles
[    0.000000] clocksource: kvm-clock: mask: 0xffffffffffffffff max_cycles: 0x1cd42e4dffb, max_idle_ns: 881590591483 ns
[    0.000000] Zone ranges:
[    0.000000]   DMA      [mem 0x0000000000001000-0x0000000000ffffff]
[    0.000000]   DMA32    [mem 0x0000000001000000-0x000000003ffeffff]
[    0.000000]   Normal   empty
[    0.000000]   Device   empty
[    0.000000] Movable zone start for each node
[    0.000000] Early memory node ranges
[    0.000000]   node   0: [mem 0x0000000000001000-0x000000000009efff]
[    0.000000]   node   0: [mem 0x0000000000100000-0x000000003ffeffff]
[    0.000000] Initmem setup node 0 [mem 0x0000000000001000-0x000000003ffeffff]
[    0.000000] ACPI: PM-Timer IO Port: 0x4008
[    0.000000] IOAPIC[0]: apic_id 2, version 32, address 0xfec00000, GSI 0-23
[    0.000000] ACPI: INT_SRC_OVR (bus 0 bus_irq 0 global_irq 2 dfl dfl)
[    0.000000] ACPI: INT_SRC_OVR (bus 0 bus_irq 9 global_irq 9 low level)
[    0.000000] Using ACPI (MADT) for SMP configuration information
[    0.000000] smpboot: Allowing 2 CPUs, 0 hotplug CPUs
[    0.000000] PM: Registered nosave memory: [mem 0x00000000-0x00000fff]
[    0.000000] PM: Registered nosave memory: [mem 0x0009f000-0x0009ffff]
[    0.000000] PM: Registered nosave memory: [mem 0x000a0000-0x000effff]
[    0.000000] PM: Registered nosave memory: [mem 0x000f0000-0x000fffff]
[    0.000000] e820: [mem 0x40000000-0xfebfffff] available for PCI devices
[    0.000000] Booting paravirtualized kernel on KVM
[    0.000000] clocksource: refined-jiffies: mask: 0xffffffff max_cycles: 0xffffffff, max_idle_ns: 7645519600211568 ns
[    0.000000] setup_percpu: NR_CPUS:512 nr_cpumask_bits:512 nr_cpu_ids:2 nr_node_ids:1
[    0.000000] PERCPU: Embedded 33 pages/cpu @ffff88003fc00000 s95448 r8192 d31528 u1048576
[    0.000000] Built 1 zonelists in Node order, mobility grouping on.  Total pages: 257912
[    0.000000] Policy zone: DMA32
[    0.000000] Kernel command line: BOOT_IMAGE=/boot/vmlinuz-4.4.0-178-generic root=LABEL=cloudimg-rootfs ro console=tty1 console=ttyS0
[    0.000000] PID hash table entries: 4096 (order: 3, 32768 bytes)
[    0.000000] Memory: 997672K/1048120K available (8626K kernel code, 1336K rwdata, 4036K rodata, 1488K init, 1292K bss, 50448K reserved, 0K cma-reserved)
[    0.000000] SLUB: HWalign=64, Order=0-3, MinObjects=0, CPUs=2, Nodes=1
[    0.000000] Kernel/User page tables isolation: enabled
[    0.000000] Hierarchical RCU implementation.
[    0.000000] 	Build-time adjustment of leaf fanout to 64.
[    0.000000] 	RCU restricting CPUs from NR_CPUS=512 to nr_cpu_ids=2.
[    0.000000] RCU: Adjusting geometry for rcu_fanout_leaf=64, nr_cpu_ids=2
[    0.000000] NR_IRQS:33024 nr_irqs:440 16
[    0.000000] Console: colour VGA+ 80x25
[    0.000000] console [tty1] enabled
[    0.000000] console [ttyS0] enabled
[    0.000000] tsc: Detected 2299.998 MHz processor
[    0.321687] Calibrating delay loop (skipped) preset value.. 4599.99 BogoMIPS (lpj=9199992)
[    0.324065] pid_max: default: 32768 minimum: 301
[    0.326624] ACPI: Core revision 20150930
[    0.328864] ACPI: 2 ACPI AML tables successfully acquired and loaded
[    0.331035] Security Framework initialized
[    0.332148] Yama: becoming mindful.
[    0.333177] AppArmor: AppArmor initialized
[    0.334797] Dentry cache hash table entries: 131072 (order: 8, 1048576 bytes)
[    0.341405] Inode-cache hash table entries: 65536 (order: 7, 524288 bytes)
[    0.344924] Mount-cache hash table entries: 2048 (order: 2, 16384 bytes)
[    0.347895] Mountpoint-cache hash table entries: 2048 (order: 2, 16384 bytes)
[    0.352392] Initializing cgroup subsys io
[    0.354585] Initializing cgroup subsys memory
[    0.355965] Initializing cgroup subsys devices
[    0.357172] Initializing cgroup subsys freezer
[    0.358934] Initializing cgroup subsys net_cls
[    0.360115] Initializing cgroup subsys perf_event
[    0.362393] Initializing cgroup subsys net_prio
[    0.365272] Initializing cgroup subsys hugetlb
[    0.366608] Initializing cgroup subsys pids
[    0.377710] mce: CPU supports 0 MCE banks
[    0.379618] Last level iTLB entries: 4KB 1024, 2MB 1024, 4MB 1024
[    0.381232] Last level dTLB entries: 4KB 1024, 2MB 1024, 4MB 1024, 1GB 4
[    0.382849] Spectre V1 : Mitigation: usercopy/swapgs barriers and __user pointer sanitization
[    0.385839] Spectre V2 : Mitigation: Full generic retpoline
[    0.387234] Spectre V2 : Spectre v2 / SpectreRSB mitigation: Filling RSB on context switch
[    0.390985] Speculative Store Bypass: Vulnerable
[    0.393973] MDS: Mitigation: Clear CPU buffers
[    0.401466] Freeing SMP alternatives memory: 36K
[    0.411062] ftrace: allocating 32308 entries in 127 pages
[    0.484649] smpboot: APIC(0) Converting physical 0 to logical package 0
[    0.487170] smpboot: Max logical packages: 1
[    0.489481] x2apic enabled
[    0.491326] Switched APIC routing to physical x2apic.
[    0.495334] ..TIMER: vector=0x30 apic1=0 pin1=2 apic2=-1 pin2=-1
[    0.606639] smpboot: CPU0: Intel(R) Core(TM) i7-4650U CPU @ 1.70GHz (family: 0x6, model: 0x45, stepping: 0x1)
[    0.616785] Performance Events: unsupported p6 CPU model 69 no PMU driver, software events only.
[    0.632293] KVM setup paravirtual spinlock
[    0.634528] x86: Booting SMP configuration:
[    0.636047] .... node  #0, CPUs:      #1
[    0.637549] kvm-clock: cpu 1, msr 0:3ffe3041, secondary cpu clock
[    0.649554] mce: CPU supports 0 MCE banks
[    0.655821] x86: Booted up 1 node, 2 CPUs
[    0.657202] smpboot: Total of 2 processors activated (9199.99 BogoMIPS)
[    0.659517] devtmpfs: initialized
[    0.661785] evm: security.selinux
[    0.663849] evm: security.SMACK64
[    0.664853] evm: security.SMACK64EXEC
[    0.666044] evm: security.SMACK64TRANSMUTE
[    0.667216] evm: security.SMACK64MMAP
[    0.668670] evm: security.ima
[    0.669855] evm: security.capability
[    0.671218] clocksource: jiffies: mask: 0xffffffff max_cycles: 0xffffffff, max_idle_ns: 7645041785100000 ns
[    0.673617] futex hash table entries: 512 (order: 3, 32768 bytes)
[    0.675925] pinctrl core: initialized pinctrl subsystem
[    0.677317] RTC time: 19:30:49, date: 06/30/20
[    0.678774] NET: Registered protocol family 16
[    0.691586] cpuidle: using governor ladder
[    0.707314] cpuidle: using governor menu
[    0.710180] PCCT header not found.
[    0.711582] ACPI: bus type PCI registered
[    0.712987] acpiphp: ACPI Hot Plug PCI Controller Driver version: 0.5
[    0.715079] PCI: Using configuration type 1 for base access
[    0.728648] ACPI: Added _OSI(Module Device)
[    0.730428] ACPI: Added _OSI(Processor Device)
[    0.732154] ACPI: Added _OSI(3.0 _SCP Extensions)
[    0.733869] ACPI: Added _OSI(Processor Aggregator Device)
[    0.736515] ACPI: Executed 1 blocks of module-level executable AML code
[    0.741878] ACPI: Interpreter enabled
[    0.744146] ACPI: (supports S0 S5)
[    0.746185] ACPI: Using IOAPIC for interrupt routing
[    0.751211] PCI: Using host bridge windows from ACPI; if necessary, use "pci=nocrs" and report a bug
[    0.763241] ACPI: PCI Root Bridge [PCI0] (domain 0000 [bus 00-ff])
[    0.765552] acpi PNP0A03:00: _OSC: OS supports [ASPM ClockPM Segments MSI]
[    0.768928] acpi PNP0A03:00: _OSC: not requesting OS control; OS requires [ExtendedConfig ASPM ClockPM MSI]
[    0.771914] acpi PNP0A03:00: fail to add MMCONFIG information, can't access extended PCI configuration space under this bridge.
[    0.776089] PCI host bridge to bus 0000:00
[    0.777326] pci_bus 0000:00: root bus resource [io  0x0000-0x0cf7 window]
[    0.780328] pci_bus 0000:00: root bus resource [io  0x0d00-0xffff window]
[    0.782119] pci_bus 0000:00: root bus resource [mem 0x000a0000-0x000bffff window]
[    0.784783] pci_bus 0000:00: root bus resource [mem 0x40000000-0xfdffffff window]
[    0.786797] pci_bus 0000:00: root bus resource [bus 00-ff]
[    0.793555] pci 0000:00:01.1: legacy IDE quirk: reg 0x10: [io  0x01f0-0x01f7]
[    0.796689] pci 0000:00:01.1: legacy IDE quirk: reg 0x14: [io  0x03f6]
[    0.799419] pci 0000:00:01.1: legacy IDE quirk: reg 0x18: [io  0x0170-0x0177]
[    0.802393] pci 0000:00:01.1: legacy IDE quirk: reg 0x1c: [io  0x0376]
[    0.847830] pci 0000:00:07.0: quirk: [io  0x4000-0x403f] claimed by PIIX4 ACPI
[    0.851369] pci 0000:00:07.0: quirk: [io  0x4100-0x410f] claimed by PIIX4 SMB
[    0.873021] ACPI: PCI Interrupt Link [LNKA] (IRQs 5 9 10 *11)
[    0.876788] ACPI: PCI Interrupt Link [LNKB] (IRQs 5 9 *10 11)
[    0.878871] ACPI: PCI Interrupt Link [LNKC] (IRQs 5 *9 10 11)
[    0.881083] ACPI: PCI Interrupt Link [LNKD] (IRQs 5 9 10 *11)
[    0.884000] ACPI: Enabled 2 GPEs in block 00 to 07
[    0.886285] vgaarb: setting as boot device: PCI:0000:00:02.0
[    0.887960] vgaarb: device added: PCI:0000:00:02.0,decodes=io+mem,owns=io+mem,locks=none
[    0.891723] vgaarb: loaded
[    0.893009] vgaarb: bridge control possible 0000:00:02.0
[    0.896446] SCSI subsystem initialized
[    0.898577] ACPI: bus type USB registered
[    0.900705] usbcore: registered new interface driver usbfs
[    0.903020] usbcore: registered new interface driver hub
[    0.905197] usbcore: registered new device driver usb
[    0.908583] PCI: Using ACPI for IRQ routing
[    0.912858] NetLabel: Initializing
[    0.914700] NetLabel:  domain hash size = 128
[    0.916748] NetLabel:  protocols = UNLABELED CIPSOv4
[    0.920096] NetLabel:  unlabeled traffic allowed by default
[    0.922969] amd_nb: Cannot enumerate AMD northbridges
[    0.925013] clocksource: Switched to clocksource kvm-clock
[    0.936348] AppArmor: AppArmor Filesystem Enabled
[    0.937731] pnp: PnP ACPI init
[    0.941328] pnp: PnP ACPI: found 3 devices
[    0.957531] clocksource: acpi_pm: mask: 0xffffff max_cycles: 0xffffff, max_idle_ns: 2085701024 ns
[    0.960702] NET: Registered protocol family 2
[    0.962716] TCP established hash table entries: 8192 (order: 4, 65536 bytes)
[    0.965621] TCP bind hash table entries: 8192 (order: 5, 131072 bytes)
[    0.967608] TCP: Hash tables configured (established 8192 bind 8192)
[    0.969455] UDP hash table entries: 512 (order: 2, 16384 bytes)
[    0.971012] UDP-Lite hash table entries: 512 (order: 2, 16384 bytes)
[    0.972749] NET: Registered protocol family 1
[    0.974020] pci 0000:00:00.0: Limiting direct PCI/PCI transfers
[    0.976666] pci 0000:00:01.0: Activating ISA DMA hang workarounds
[    0.978828] Unpacking initramfs...
[    1.338890] Freeing initrd memory: 14880K
[    1.341379] RAPL PMU detected, API unit is 2^-32 Joules, 4 fixed counters 10737418240 ms ovfl timer
[    1.345801] hw unit of domain pp0-core 2^-0 Joules
[    1.348725] hw unit of domain package 2^-0 Joules
[    1.350892] hw unit of domain dram 2^-0 Joules
[    1.353100] hw unit of domain pp1-gpu 2^-0 Joules
[    1.355757] clocksource: tsc: mask: 0xffffffffffffffff max_cycles: 0x212733415c7, max_idle_ns: 440795236380 ns
[    1.361872] platform rtc_cmos: registered platform RTC device (no PNP device found)
[    1.366458] Scanning for low memory corruption every 60 seconds
[    1.371065] audit: initializing netlink subsys (disabled)
[    1.374890] audit: type=2000 audit(1593545459.190:1): initialized
[    1.377370] Initialise system trusted keyring
[    1.379009] HugeTLB registered 2 MB page size, pre-allocated 0 pages
[    1.382152] zbud: loaded
[    1.383853] VFS: Disk quotas dquot_6.6.0
[    1.385041] VFS: Dquot-cache hash table entries: 512 (order 0, 4096 bytes)
[    1.388894] squashfs: version 4.0 (2009/01/31) Phillip Lougher
[    1.392377] fuse init (API version 7.23)
[    1.395096] Key type big_key registered
[    1.396867] Allocating IMA MOK and blacklist keyrings.
[    1.402426] Key type asymmetric registered
[    1.404459] Asymmetric key parser 'x509' registered
[    1.406796] Block layer SCSI generic (bsg) driver version 0.4 loaded (major 249)
[    1.409334] io scheduler noop registered
[    1.410619] io scheduler deadline registered (default)
[    1.412275] io scheduler cfq registered
[    1.413779] pci_hotplug: PCI Hot Plug PCI Core version: 0.5
[    1.415472] pciehp: PCI Express Hot Plug Controller Driver version: 0.4
[    1.418446] ACPI: AC Adapter [AC] (on-line)
[    1.419979] input: Power Button as /devices/LNXSYSTM:00/LNXPWRBN:00/input/input0
[    1.422848] ACPI: Power Button [PWRF]
[    1.424492] input: Sleep Button as /devices/LNXSYSTM:00/LNXSLPBN:00/input/input1
[    1.427110] ACPI: Sleep Button [SLPF]
[    1.430174] GHES: HEST is not enabled!
[    1.432873] Serial: 8250/16550 driver, 32 ports, IRQ sharing enabled
[    1.434722] ACPI: Battery Slot [BAT0] (battery present)
[    1.457106] 00:02: ttyS0 at I/O 0x3f8 (irq = 4, base_baud = 115200) is a 16550A
[    1.460509] Linux agpgart interface v0.103
[    1.464213] loop: module loaded
[    1.466169] scsi host0: ata_piix
[    1.467572] scsi host1: ata_piix
[    1.468601] ata1: PATA max UDMA/33 cmd 0x1f0 ctl 0x3f6 bmdma 0xd000 irq 14
[    1.470339] ata2: PATA max UDMA/33 cmd 0x170 ctl 0x376 bmdma 0xd008 irq 15
[    1.472105] libphy: Fixed MDIO Bus: probed
[    1.473412] tun: Universal TUN/TAP device driver, 1.6
[    1.475119] tun: (C) 1999-2004 Max Krasnyansky <maxk@qualcomm.com>
[    1.477134] PPP generic driver version 2.4.2
[    1.478537] ehci_hcd: USB 2.0 'Enhanced' Host Controller (EHCI) Driver
[    1.480459] ehci-pci: EHCI PCI platform driver
[    1.481737] ehci-platform: EHCI generic platform driver
[    1.483433] ohci_hcd: USB 1.1 'Open' Host Controller (OHCI) Driver
[    1.484899] ohci-pci: OHCI PCI platform driver
[    1.486046] ohci-platform: OHCI generic platform driver
[    1.487840] uhci_hcd: USB Universal Host Controller Interface driver
[    1.490686] i8042: PNP: PS/2 Controller [PNP0303:PS2K,PNP0f03:PS2M] at 0x60,0x64 irq 1,12
[    1.495458] serio: i8042 KBD port at 0x60,0x64 irq 1
[    1.497581] serio: i8042 AUX port at 0x60,0x64 irq 12
[    1.500489] mousedev: PS/2 mouse device common for all mice
[    1.504607] rtc_cmos rtc_cmos: rtc core: registered rtc_cmos as rtc0
[    1.506592] input: AT Translated Set 2 keyboard as /devices/platform/i8042/serio0/input/input2
[    1.510652] rtc_cmos rtc_cmos: alarms up to one day, 114 bytes nvram
[    1.512804] i2c /dev entries driver
[    1.514146] device-mapper: uevent: version 1.0.3
[    1.515976] device-mapper: ioctl: 4.34.0-ioctl (2015-10-28) initialised: dm-devel@redhat.com
[    1.518432] ledtrig-cpu: registered to indicate activity on CPUs
[    1.520950] NET: Registered protocol family 10
[    1.523241] NET: Registered protocol family 17
[    1.524492] Key type dns_resolver registered
[    1.526661] registered taskstats version 1
[    1.527794] Loading compiled-in X.509 certificates
[    1.530024] Loaded X.509 cert 'Build time autogenerated kernel key: f33c437cc9123d9712070bdfe932b55b24c56047'
[    1.532526] zswap: loaded using pool lzo/zbud
[    1.536600] Key type trusted registered
[    1.542584] Key type encrypted registered
[    1.544429] AppArmor: AppArmor sha1 policy hashing enabled
[    1.547166] ima: No TPM chip found, activating TPM-bypass!
[    1.549685] ima: Allocated hash algorithm: sha1
[    1.551682] evm: HMAC attrs: 0x1
[    1.554193]   Magic number: 8:748:547
[    1.555438] tty ttyS23: hash matches
[    1.556985] rtc_cmos rtc_cmos: setting system clock to 2020-06-30 19:30:50 UTC (1593545450)
[    1.559866] BIOS EDD facility v0.16 2004-Jun-25, 0 devices found
[    1.561539] EDD information not available.
[    1.651922] Freeing unused kernel memory: 1488K
[    1.654111] Write protecting the kernel read-only data: 14336k
[    1.656229] Freeing unused kernel memory: 1604K
[    1.657740] Freeing unused kernel memory: 60K
Loading, please wait...
starting version 229
[    1.675863] random: systemd-udevd: uninitialized urandom read (16 bytes read, 2 bits of entropy available)
[    1.676308] random: udevadm: uninitialized urandom read (16 bytes read, 2 bits of entropy available)
[    1.676328] random: udevadm: uninitialized urandom read (16 bytes read, 2 bits of entropy available)
[    1.684352] random: udevadm: uninitialized urandom read (16 bytes read, 2 bits of entropy available)
[    1.684419] random: udevadm: uninitialized urandom read (16 bytes read, 2 bits of entropy available)
[    1.684621] random: udevadm: uninitialized urandom read (16 bytes read, 2 bits of entropy available)
[    1.684765] random: udevadm: uninitialized urandom read (16 bytes read, 2 bits of entropy available)
[    1.684859] random: udevadm: uninitialized urandom read (16 bytes read, 2 bits of entropy available)
[    1.684954] random: udevadm: uninitialized urandom read (16 bytes read, 2 bits of entropy available)
[    1.685108] random: udevadm: uninitialized urandom read (16 bytes read, 2 bits of entropy available)
[    1.779715] Fusion MPT base driver 3.04.20
[    1.781516] Copyright (c) 1999-2008 LSI Corporation
[    1.785163] e1000: Intel(R) PRO/1000 Network Driver - version 7.3.21-k8-NAPI
[    1.787121] e1000: Copyright (c) 1999-2006 Intel Corporation.
[    1.801980] Fusion MPT SPI Host driver 3.04.20
[    1.819424] AVX2 version of gcm_enc/dec engaged.
[    1.821567] AES CTR mode by8 optimization enabled
[    2.026423] input: ImExPS/2 Generic Explorer Mouse as /devices/platform/i8042/serio1/input/input4
[    2.391166] e1000 0000:00:03.0 eth0: (PCI:33MHz:32-bit) 02:7c:3b:f4:17:68
[    2.394371] e1000 0000:00:03.0 eth0: Intel(R) PRO/1000 Network Connection
[    3.224035] e1000 0000:00:08.0 eth1: (PCI:33MHz:32-bit) 08:00:27:41:75:16
[    3.225963] e1000 0000:00:08.0 eth1: Intel(R) PRO/1000 Network Connection
[    3.229029] mptbase: ioc0: Initiating bringup
[    3.229763] e1000 0000:00:08.0 enp0s8: renamed from eth1
[    3.245779] e1000 0000:00:03.0 enp0s3: renamed from eth0
[    3.466339] ioc0: LSI53C1030 A0: Capabilities={Initiator}
[    5.203903] scsi host2: ioc0: LSI53C1030 A0, FwRev=00000000h, Ports=1, MaxQ=256, IRQ=20
[    6.917664] scsi 2:0:0:0: Direct-Access     VBOX     HARDDISK         1.0  PQ: 0 ANSI: 5
[    6.931875] scsi target2:0:0: Beginning Domain Validation
[    6.936302] scsi target2:0:0: Domain Validation skipping write tests
[    6.938154] scsi target2:0:0: Ending Domain Validation
[    6.940080] scsi target2:0:0: asynchronous
[    6.943098] scsi 2:0:1:0: Direct-Access     VBOX     HARDDISK         1.0  PQ: 0 ANSI: 5
[    6.946751] scsi target2:0:1: Beginning Domain Validation
[    6.950941] scsi target2:0:1: Domain Validation skipping write tests
[    6.953224] scsi target2:0:1: Ending Domain Validation
[    6.955592] scsi target2:0:1: asynchronous
[    6.970145] sd 2:0:0:0: [sda] 20971520 512-byte logical blocks: (10.7 GB/10.0 GiB)
[    6.970587] sd 2:0:0:0: Attached scsi generic sg0 type 0
[    6.973381] sd 2:0:1:0: Attached scsi generic sg1 type 0
[    6.973912] sd 2:0:1:0: [sdb] 20480 512-byte logical blocks: (10.5 MB/10.0 MiB)
[    6.974167] sd 2:0:1:0: [sdb] Write Protect is off
[    6.974331] sd 2:0:1:0: [sdb] Incomplete mode parameter data
[    6.974332] sd 2:0:1:0: [sdb] Assuming drive cache: write through
[    6.977164] sd 2:0:1:0: [sdb] Attached SCSI disk
[    6.985651] sd 2:0:0:0: [sda] Write Protect is off
[    6.987399] sd 2:0:0:0: [sda] Incomplete mode parameter data
[    6.989781] sd 2:0:0:0: [sda] Assuming drive cache: write through
[    7.002028]  sda: sda1
[    7.005004] sd 2:0:0:0: [sda] Attached SCSI disk
Begin: Loading essential drivers ... [    8.430286] md: linear personality registered for level -1
[    8.435523] md: multipath personality registered for level -4
[    8.440935] md: raid0 personality registered for level 0
[    8.449875] md: raid1 personality registered for level 1
[    8.525286] raid6: sse2x1   gen()  8044 MB/s
[    8.593070] raid6: sse2x1   xor()  6193 MB/s
[    8.661169] raid6: sse2x2   gen() 10213 MB/s
[    8.729594] raid6: sse2x2   xor()  7153 MB/s
[    8.797256] raid6: sse2x4   gen() 10538 MB/s
[    8.865305] raid6: sse2x4   xor()  8041 MB/s
[    8.933104] raid6: avx2x1   gen() 15363 MB/s
[    9.001301] raid6: avx2x2   gen() 17015 MB/s
[    9.069310] raid6: avx2x4   gen() 20855 MB/s
[    9.070562] raid6: using algorithm avx2x4 gen() 20855 MB/s
[    9.072144] raid6: using avx2x2 recovery algorithm
[    9.075384] xor: automatically using best checksumming function:
[    9.114381]    avx       : 33658.000 MB/sec
[    9.117399] async_tx: api initialized (async)
[    9.131018] md: raid6 personality registered for level 6
[    9.133021] md: raid5 personality registered for level 5
[    9.134386] md: raid4 personality registered for level 4
[    9.145249] md: raid10 personality registered for level 10
done.
Begin: Running /scripts/init-premount ... done.
Begin: Mounting root file system ... Begin: Running /scripts/local-top ... done.
Begin: Running /scripts/local-premount ... [    9.185631] Btrfs loaded
Scanning for Btrfs filesystems
done.
Warning: fsck not present, so skipping root file system
[    9.241267] EXT4-fs (sda1): mounted filesystem with ordered data mode. Opts: (null)
done.
Begin: Running /scripts/local-bottom ... done.
Begin: Running /scripts/init-bottom ... done.
[    9.434454] systemd[1]: systemd 229 running in system mode. (+PAM +AUDIT +SELINUX +IMA +APPARMOR +SMACK +SYSVINIT +UTMP +LIBCRYPTSETUP +GCRYPT +GNUTLS +ACL +XZ -LZ4 +SECCOMP +BLKID +ELFUTILS +KMOD -IDN)
[    9.440308] systemd[1]: Detected virtualization oracle.
[    9.442924] systemd[1]: Detected architecture x86-64.

Welcome to [1mUbuntu 16.04.6 LTS[0m!

[    9.458953] systemd[1]: Set hostname to <ubuntu>.
[    9.465395] systemd[1]: Initializing machine ID from random generator.
[    9.467313] systemd[1]: Installed transient /etc/machine-id file.
[    9.774400] systemd[1]: Listening on Journal Socket.
[[0;32m  OK  [0m] Listening on Journal Socket.
[    9.778500] systemd[1]: Started Forward Password Requests to Wall Directory Watch.
[[0;32m  OK  [0m] Started Forward Password Requests to Wall Directory Watch.
[    9.782173] systemd[1]: Listening on Journal Audit Socket.
[[0;32m  OK  [0m] Listening on Journal Audit Socket.
[    9.784700] systemd[1]: Listening on Syslog Socket.
[[0;32m  OK  [0m] Listening on Syslog Socket.
[    9.787150] systemd[1]: Reached target User and Group Name Lookups.
[[0;32m  OK  [0m] Reached target User and Group Name Lookups.
[    9.792699] systemd[1]: Listening on LVM2 metadata daemon socket.
[[0;32m  OK  [0m] Listening on LVM2 metadata daemon socket.
[    9.797795] systemd[1]: Set up automount Arbitrary Executable File Formats File System Automount Point.
[[0;32m  OK  [0m] Set up automount Arbitrary Executab...ats File System Automount Point.
[    9.804953] systemd[1]: Created slice User and Session Slice.
[[0;32m  OK  [0m] Created slice User and Session Slice.
[    9.808091] systemd[1]: Reached target System Time Synchronized.
[[0;32m  OK  [0m] Reached target System Time Synchronized.
[    9.811631] systemd[1]: Listening on udev Control Socket.
[[0;32m  OK  [0m] Listening on udev Control Socket.
[    9.814513] systemd[1]: Listening on Journal Socket (/dev/log).
[[0;32m  OK  [0m] Listening on Journal Socket (/dev/log).
[    9.817438] systemd[1]: Listening on LVM2 poll daemon socket.
[[0;32m  OK  [0m] Listening on LVM2 poll daemon socket.
[    9.820061] systemd[1]: Reached target Encrypted Volumes.
[[0;32m  OK  [0m] Reached target Encrypted Volumes.
[    9.823188] systemd[1]: Listening on /dev/initctl Compatibility Named Pipe.
[[0;32m  OK  [0m] Listening on /dev/initctl Compatibility Named Pipe.
[    9.826493] systemd[1]: Reached target Swap.
[[0;32m  OK  [0m] Reached target Swap.
[    9.828831] systemd[1]: Created slice System Slice.
[[0;32m  OK  [0m] Created slice System Slice.
[    9.831267] systemd[1]: Reached target Slices.
[[0;32m  OK  [0m] Reached target Slices.
[    9.846177] systemd[1]: Starting Set console keymap...
         Starting Set console keymap...
[    9.852996] systemd[1]: Starting Journal Service...
         Starting Journal Service...
[    9.858795] systemd[1]: Starting Create list of required static device nodes for the current kernel...
         Starting Create list of required st... nodes for the current kernel...
[    9.874327] systemd[1]: Starting Remount Root and Kernel File Systems...
         Starting Remount Root and Kernel File Systems...
[    9.885745] EXT4-fs (sda1): re-mounted. Opts: (null)
[    9.890135] systemd[1]: Starting Load Kernel Modules...
         Starting Load Kernel Modules...
[    9.895930] systemd[1]: Mounting POSIX Message Queue File System...
         Mounting POSIX Message Queue File System...
[    9.910241] systemd[1]: Starting Uncomplicated firewall...
         Starting Uncomplicated firewall...
[    9.914415] systemd[1]: Mounting Huge Pages File System...
[    9.918447] Loading iSCSI transport class v2.0-870.
         Mounting Huge Pages File System...
[    9.923501] systemd[1]: Mounting Debug File System...
         Mounting Debug File System...
[    9.929024] systemd[1]: Starting Nameserver information manager...
         Starting Nameserver information manager...
[    9.933331] systemd[1]: Listening on Device-mapper event daemon FIFOs.
[[0;32m  OK  [0m] Listening on Device-mapper event daemon FIFOs.
[    9.938832] systemd[1]: Starting Monitoring of LVM2 mirrors, snapshots etc. using dmeventd or progress polling...
         Starting Monitoring of LVM2 mirrors... dmeventd or progress polling...
[    9.948264] systemd[1]: Created slice system-serial\x2dgetty.slice.
[[0;32m  OK  [0m] Created slice system-serial\x2dgetty.slice.
[    9.954735] systemd[1]: Started Trigger resolvconf update for networkd DNS.
[[0;32m  OK  [0m] Started Trigger resolvconf update for networkd DNS.
[    9.960094] systemd[1]: Listening on udev Kernel Socket.
[[0;32m  OK  [0m] Listening on udev Kernel Socket.
[    9.968111] iscsi: registered transport (tcp)
[    9.975221] systemd[1]: Mounted POSIX Message Queue File System.
[[0;32m  OK  [0m] Mounted POSIX Message Queue File System.
[    9.979271] systemd[1]: Mounted Huge Pages File System.
[[0;32m  OK  [0m] Mounted Huge Pages File System.
[    9.982410] systemd[1]: Mounted Debug File System.
[[0;32m  OK  [0m] Mounted Debug File System.
[    9.985536] systemd[1]: Started Journal Service.
[[0;32m  OK  [0m] Started Journal Service.
[[0;32m  OK  [0m] Started Set console keymap.
[[0;32m  OK  [0m] Started Create list of required sta...ce nodes for the current kernel.
[[0;32m  OK  [0m] Started Remount Root and Kernel File Systems.
[[0;32m  OK  [0m] Started Uncomplicated firewall.
[   10.021273] iscsi: registered transport (iser)
[[0;32m  OK  [0m] Started Load Kernel Modules.
[[0;32m  OK  [0m] Started LVM2 metadata daemon.
         Starting Apply Kernel Variables...
         Mounting FUSE Control File System...
         Starting udev Coldplug all Devices...
         Starting Load/Save Random Seed...
         Starting Create Static Device Nodes in /dev...
         Starting Flush Journal to Persistent Storage...
[[0;32m  OK  [0m] Mounted FUSE Control File System.
[[0;32m  OK  [0m] Started Nameserver information manager.
[[0;32m  OK  [0m] Started Apply Kernel Variables.
[[0;32m  OK  [0m] Started Load/Save Random Seed.
[[0;32m  OK  [0m] Started Flush Journal to Persistent Storage.
[[0;32m  OK  [0m] Started Create Static Device Nodes in /dev.
         Starting udev Kernel Device Manager...
[[0;32m  OK  [0m] Started udev Coldplug all Devices.
[[0;32m  OK  [0m] Started udev Kernel Device Manager.
[[0;32m  OK  [0m] Started Dispatch Password Requests to Console Directory Watch.
[[0;32m  OK  [0m] Found device /dev/ttyS0.
[[0;32m  OK  [0m] Listening on Load/Save RF Kill Switch Status /dev/rfkill Watch.
[[0;32m  OK  [0m] Started Monitoring of LVM2 mirrors,...ng dmeventd or progress polling.
[[0;32m  OK  [0m] Reached target Local File Systems (Pre).
[[0;32m  OK  [0m] Reached target Local File Systems.
         Starting Commit a transient machine-id on disk...
         Starting Initial cloud-init job (pre-networking)...
         Starting Set console font and keymap...
         Starting Tell Plymouth To Write Out Runtime Data...
         Starting Create Volatile Files and Directories...
         Starting LSB: AppArmor initialization...
[[0;32m  OK  [0m] Started Commit a transient machine-id on disk.
[[0;32m  OK  [0m] Started Tell Plymouth To Write Out Runtime Data.
[[0;32m  OK  [0m] Started Create Volatile Files and Directories.
         Starting Update UTMP about System Boot/Shutdown...
[[0;32m  OK  [0m] Started Update UTMP about System Boot/Shutdown.
[   12.001842] cloud-init[571]: Cloud-init v. 19.4-33-gbb4131a2-0ubuntu1~16.04.1 running 'init-local' at Tue, 30 Jun 2020 19:31:00 +0000. Up 11.35 seconds.
[[0;32m  OK  [0m] Started Set console font and keymap.
[[0;32m  OK  [0m] Created slice system-getty.slice.
[[0;32m  OK  [0m] Started Initial cloud-init job (pre-networking).
[[0;32m  OK  [0m] Reached target Network (Pre).
[[0;32m  OK  [0m] Started LSB: AppArmor initialization.
         Starting Raise network interfaces...
[[0;32m  OK  [0m] Started Raise network interfaces.
[[0;32m  OK  [0m] Reached target Network.
         Starting Initial cloud-init job (metadata service crawler)...
[   13.874320] cloud-init[968]: Cloud-init v. 19.4-33-gbb4131a2-0ubuntu1~16.04.1 running 'init' at Tue, 30 Jun 2020 19:31:02 +0000. Up 12.98 seconds.
[   13.880496] cloud-init[968]: ci-info: ++++++++++++++++++++++++++++++++++++++Net device info+++++++++++++++++++++++++++++++++++++++
[   13.893097] cloud-init[968]: ci-info: +--------+-------+----------------------------+---------------+--------+-------------------+
[   13.904850] cloud-init[968]: ci-info: | Device |   Up  |          Address           |      Mask     | Scope  |     Hw-Address    |
[   13.908549] cloud-init[968]: ci-info: +--------+-------+----------------------------+---------------+--------+-------------------+
[   13.913018] cloud-init[968]: ci-info: | enp0s3 |  True |         10.0.2.15          | 255.255.255.0 | global | 02:7c:3b:f4:17:68 |
[   13.916828] cloud-init[968]: ci-info: | enp0s3 |  True | fe80::7c:3bff:fef4:1768/64 |       .       |  link  | 02:7c:3b:f4:17:68 |
[   13.921109] cloud-init[968]: ci-info: | enp0s8 | False |             .              |       .       |   .    | 08:00:27:41:75:16 |
[   13.926006] cloud-init[968]: ci-info: |   lo   |  True |         127.0.0.1          |   255.0.0.0   |  host  |         .         |
[   13.929619] cloud-init[968]: ci-info: |   lo   |  True |          ::1/128           |       .       |  host  |         .         |
[   13.933928] cloud-init[968]: ci-info: +--------+-------+----------------------------+---------------+--------+-------------------+
[   13.938366] cloud-init[968]: ci-info: +++++++++++++++++++++++++++Route IPv4 info++++++++++++++++++++++++++++
[   13.942231] cloud-init[968]: ci-info: +-------+-------------+----------+---------------+-----------+-------+
[   13.952803] cloud-init[968]: ci-info: | Route | Destination | Gateway  |    Genmask    | Interface | Flags |
[   13.956553] cloud-init[968]: ci-info: +-------+-------------+----------+---------------+-----------+-------+
[   13.965126] cloud-init[968]: ci-info: |   0   |   0.0.0.0   | 10.0.2.2 |    0.0.0.0    |   enp0s3  |   UG  |
[   13.968777] cloud-init[968]: ci-info: |   1   |   10.0.2.0  | 0.0.0.0  | 255.255.255.0 |   enp0s3  |   U   |
[   13.973194] cloud-init[968]: ci-info: +-------+-------------+----------+---------------+-----------+-------+
[   13.976905] cloud-init[968]: ci-info: +++++++++++++++++++Route IPv6 info+++++++++++++++++++
[   13.980279] cloud-init[968]: ci-info: +-------+-------------+---------+-----------+-------+
[   13.983642] cloud-init[968]: ci-info: | Route | Destination | Gateway | Interface | Flags |
[   13.997045] cloud-init[968]: ci-info: +-------+-------------+---------+-----------+-------+
[   14.000886] cloud-init[968]: ci-info: |   0   |  fe80::/64  |    ::   |   enp0s3  |   U   |
[   14.013271] [[0;32m  OK  [0m] Started Initial cloud-init job (metadata service crawler).
cloud-init[968]: ci-info: |   3   |   ff00::/8  |    ::   |   enp0s3  |   U   |[
[0;32m  OK  [0m] Reached target System Initialization.
[   14.023305]          cloud-initStarting Socket activation for snappy daemon.[968]: 
ci-info: +-------+-------------+---------+-----------+-------+
[   14.032599] [cloud-init[0;32m  OK  [0m[968]: ] Generating public/private rsa key pair.Listening on ACPID Listen Socket.

[   14.033549] [[0;32m  OK  [0m] Started Daily apt download activities.
[[0;32m  OK  [0m] Started Daily Cleanup of Temporary Directories.
cloud-init[968]: Your identification has been saved in /etc/ssh/ssh_host_rsa_key.
[   14.042575]          cloud-initStarting LXD - unix socket.[968]: 
Your public key has been saved in /etc/ssh/ssh_host_rsa_key.pub.
[   14.052999] [cloud-init[0;32m  OK  [0m[968]: ] The key fingerprint is:Listening on D-Bus System Message Bus Socket.

[   14.053921] cloud-init[968]: SHA256:ZfDXmDdwJnYbSN1SjqXW7BoTxXAcw+5JTLR34BKO/H4 root@ubuntu-xenial
[[0;32m  OK  [0m] Started Message of the Day.
[   14.061837] cloud-init[968]: The key's randomart image is:
[   14.072693] [cloud-init[0;32m  OK  [0m[968]: ] +---[RSA 2048]----+Listening on UUID daemon activation socket.

[   14.074297] cloud-init[968]: [[0;32m  OK  [0m] Started ACPI Events Check.
[[0;32m  OK  [0m] Reached target Paths.
[[0;32m  OK  [0m] Started Daily apt upgrade and clean activities.
|        .  .*oXX*|
[   14.085418] [cloud-init[0;32m  OK  [0m[968]: ] |         + +.%o/*|Reached target Timers.

[[0;32m  OK  [0m] Reached target Cloud-config availability.
[   14.088353] [cloud-init[0;32m  OK  [0m[968]: ] |          * * #o*|Reached target Network is Online.

[   14.099831] cloud-init[968]: |         o o + Bo|
[   14.101377] cloud-init[968]: |        S   . = o|
[   14.109498]          Starting iSCSI initiator daemon (iscsid)...
[[0;32m  OK  [0m] Listening on Socket activation for snappy daemon.
cloud-init[968]: |           .   * |
[   14.121055] cloud-init[[968]: [0;32m  OK  [0m|            . E  |] 
Listening on LXD - unix socket.
[[0;32m  OK  [0m] Reached target Sockets.
[   14.121578] cloud-init[968]: |             .   |
[[0;32m  OK  [0m] Reached target Basic System.
[   14.125741] cloud-init[968]: |                 |
         Starting LSB: MD monitoring daemon...
         Starting Pollinate to seed the pseudo random number generator...
         Starting LXD - container startup/shutdown...
[   14.131358] cloud-init[968]: +----[SHA256]-----+
         Starting Accounts Service...
[   14.147255] cloud-init[968]: Generating public/private dsa key pair.
[[0;32m  OK  [0m] Started ACPI event daemon.
[   14.156091] cloud-init[968]: Your identification has been saved in /etc/ssh/ssh_host_dsa_key.
[   14.176823] cloud-init[968]: Your public key has been saved in /etc/ssh/ssh_host_dsa_key.pub.
[   14.182134] cloud-init[968]: The key fingerprint is:
[   14.185835] cloud-init[968]: SHA256:s1NstVx5UN6Gjf4/tIHo17UnraIjooePfw5PrNvzSF0 root@ubuntu-xenial
[   14.192252] cloud-init[968]: The key's randomart image is:
         Starting Virtualbox guest utils...
         Starting Login Service...
         Starting System Logging Service...
         Starting LSB: Record successful boot for GRUB...
[   14.193873] cloud-init[968]: +---[DSA 1024]----+
         Starting Snappy daemon...
[[0;32m  OK  [0m] Started D-Bus System Message Bus.
[   14.231315] cloud-init[968]: |              ...|
[   14.258904] cloud-init[968]: |               B.|
[   14.272295] cloud-init[968]: |            . = *|
[   14.275825] cloud-init[968]: |         . o + o |
[   14.291409] cloud-init[968]: |        S + E o  |
[   14.295561] cloud-init[968]: |       . * o . +.|
[   14.298975] cloud-init[968]: |     .. * o   o.*|
[   14.309772] cloud-init[968]: |    ..oB+o.....=+|
[   14.318949] cloud-init[968]: |    o====+oo...o+|
[   14.322212] cloud-init[968]: +----[SHA256]-----+
[   14.327966] cloud-init[968]: Generating public/private ecdsa key pair.
[   14.331358] cloud-init[968]: Your identification has been saved in /etc/ssh/ssh_host_ecdsa_key.
[   14.342235] cloud-init[968]: Your public key has been saved in /etc/ssh/ssh_host_ecdsa_key.pub.
[   14.347093] cloud-init[968]: The key fingerprint is:
[   14.373208] cloud-init[968]: SHA256:rbS41iXkc2GDXgJ3M5pdxnJ4EhcfgnOMfsCqZTWQL1k root@ubuntu-xenial
[[0;32m  OK  [0m] Started FUSE filesystem for LXC.
[[0;32m  OK  [0m] [   14.391225] cloud-init[968]: The key's randomart image is:Started Regular background program processing daemon.
[[0;32m  OK  [0m] Started Deferred execution scheduler.
         Starting /etc/rc.local Compatibility...
[[0;32m  OK  [0m] Started System Logging Service.

[   14.440891] [[0;32m  OK  [0m] Started /etc/rc.local Compatibility.
cloud-init[968]: +---[ECDSA 256]---+
[   14.479259] cloud-init[968]: |        .+.B+..  |
[   14.479498] cloud-init[968]: |      . o E.Oo . |
[   14.481264] cloud-init[968]: |       o & #  .  |
[   14.483108] cloud-init[968]: |        %.O .    |
[   14.483654] cloud-init[968]: |       BS=.+     |
[   14.485552] cloud-init[968]: |      .o=oo      |
[[0;32m  OK  [0m] Started iSCSI initiator daemon (iscsid).
[   14.485654] cloud-init[968]: |      ..o=       |
[   14.492712] cloud-init[968]: |      ...        |
[   14.494959] cloud-init[968]: |     ..          |
[   14.504982] cloud-init[968]: +----[SHA256]-----+
[   14.508381] cloud-init[968]: Generating public/private ed25519 key pair.
[   14.508784] cloud-init[968]: Your identification has been saved in /etc/ssh/ssh_host_ed25519_key.
[[0;32m  OK  [0m] Started Login Service.
[   14.509506] cloud-init[968]: Your public key has been saved in /etc/ssh/ssh_host_ed25519_key.pub.
[   14.529026] cloud-init[968]: The key fingerprint is:
[   14.529477] cloud-init[968]: SHA256:MqcJiF7K3mtLPWNdfD0Hg9zWEpYMZz5nT0yLWrnF5f4 root@ubuntu-xenial
[   14.531261] [[0;32m  OK  [0m] Started Unattended Upgrades Shutdown.
         Starting Authenticate and Authorize Users to Run Privileged Tasks...
cloud-init[968]: The key's randomart image is:
[   14.558836] cloud-init[968]: +--[ED25519 256]--+
         [   14.570411] cloud-init[968]: |           .o=. o|
[   14.571576] cloud-init[968]: |          . Bo*+o|
Starting Login to default iSCSI targets...
[   14.581765] cloud-init[968]: |           o % B+|
[   14.587633] cloud-init[968]: | . .    .   = Xo.|
[   14.596735] cloud-init[968]: |. ... o So o + .o|
[   14.597334] cloud-init[968]: |o o ...*. .   o .|
[   14.599166] cloud-init[968]: | + . =o.        E|
[   14.601518] cloud-init[968]: |. o.. o          |
[   14.602691] cloud-init[968]: | ..+o            |
[   14.604558] cloud-init[968]: +----[SHA256]-----+
[[0;32m  OK  [0m] Started LXD - container startup/shutdown.
[[0;32m  OK  [0m] Started LSB: Record successful boot for GRUB.
[[0;32m  OK  [0m] Started LSB: MD monitoring daemon.
[[0;32m  OK  [0m] Started Authenticate and Authorize Users to Run Privileged Tasks.
[[0;32m  OK  [0m] Started Accounts Service.
[[0;32m  OK  [0m] Started Login to default iSCSI targets.
[[0;32m  OK  [0m] Reached target Remote File Systems (Pre).
[[0;32m  OK  [0m] Reached target Remote File Systems.
         Starting LSB: automatic crash report generation...
         Starting LSB: Set the CPU Frequency Scaling governor to "ondemand"...
         Starting Permit User Sessions...
         Starting LSB: daemon to balance interrupts for SMP systems...
[[0;32m  OK  [0m] Started Permit User Sessions.
         Starting Hold until boot process finishes up...
         Starting Terminate Plymouth Boot Screen...
[[0;32m  OK  [0m] Started Terminate Plymouth Boot Screen.
[[0;32m  OK  [0m] Started LSB: automatic crash report generation.
[[0;32m  OK  [0m] Started LSB: Set the CPU Frequency Scaling governor to "ondemand".
[[0;32m  OK  [0m] Started Hold until boot process finishes up.
         Starting Set console scheme...
[[0;32m  OK  [0m] Started Getty on tty1.
[[0;32m  OK  [0m] Started Serial Getty on ttyS0.
[[0;32m  OK  [0m] Reached target Login Prompts.
[[0;32m  OK  [0m] Started Set console scheme.
[[0;32m  OK  [0m] Started LSB: daemon to balance interrupts for SMP systems.
[[0;32m  OK  [0m] Started Virtualbox guest utils.
[[0;32m  OK  [0m] Started Snappy daemon.
         Starting Wait until snapd is fully seeded...
[[0;32m  OK  [0m] Started Pollinate to seed the pseudo random number generator.
         Starting OpenBSD Secure Shell server...
[[0;32m  OK  [0m] Started OpenBSD Secure Shell server.
[[0;32m  OK  [0m] Created slice User Slice of vagrant.
         Starting User Manager for UID 1000...
[[0;32m  OK  [0m] Started Session 1 of user vagrant.
[[0;32m  OK  [0m] Started User Manager for UID 1000.
[[0;32m  OK  [0m] Started Wait until snapd is fully seeded.
         Starting Apply the settings specified in cloud-config...
[[0;32m  OK  [0m] Reached target Multi-User System.
[[0;32m  OK  [0m] Reached target Graphical Interface.
         Starting Update UTMP about System Runlevel Changes...
[[0;32m  OK  [0m] Started Update UTMP about System Runlevel Changes.
[   17.160987] cloud-init[1394]: Generating locales (this might take a while)...
         Stopping User Manager for UID 1000...
[[0;32m  OK  [0m] Stopped User Manager for UID 1000.
[[0;32m  OK  [0m] Removed slice User Slice of vagrant.
[   18.663621] cloud-init[1394]:   en_US.UTF-8... done
[   18.667215] cloud-init[1394]: Generation complete.
[[0;32m  OK  [0m] Created slice User Slice of vagrant.
         Starting User Manager for UID 1000...
[[0;32m  OK  [0m] Started Session 2 of user vagrant.
[[0;32m  OK  [0m] Started User Manager for UID 1000.
[   19.194847] cloud-init[1394]: Cloud-init v. 19.4-33-gbb4131a2-0ubuntu1~16.04.1 running 'modules:config' at Tue, 30 Jun 2020 19:31:06 +0000. Up 16.98 seconds.
[[0;32m  OK  [0m] Started Apply the settings specified in cloud-config.
         Starting Execute cloud user/final scripts...
ci-info: no authorized SSH keys fingerprints found for user ubuntu.
<14>Jun 30 19:31:09 ec2: 
<14>Jun 30 19:31:09 ec2: #############################################################
<14>Jun 30 19:31:09 ec2: -----BEGIN SSH HOST KEY FINGERPRINTS-----
<14>Jun 30 19:31:09 ec2: 1024 SHA256:s1NstVx5UN6Gjf4/tIHo17UnraIjooePfw5PrNvzSF0 root@ubuntu-xenial (DSA)
<14>Jun 30 19:31:09 ec2: 256 SHA256:rbS41iXkc2GDXgJ3M5pdxnJ4EhcfgnOMfsCqZTWQL1k root@ubuntu-xenial (ECDSA)
<14>Jun 30 19:31:09 ec2: 256 SHA256:MqcJiF7K3mtLPWNdfD0Hg9zWEpYMZz5nT0yLWrnF5f4 root@ubuntu-xenial (ED25519)
<14>Jun 30 19:31:09 ec2: 2048 SHA256:ZfDXmDdwJnYbSN1SjqXW7BoTxXAcw+5JTLR34BKO/H4 root@ubuntu-xenial (RSA)
<14>Jun 30 19:31:09 ec2: -----END SSH HOST KEY FINGERPRINTS-----
<14>Jun 30 19:31:09 ec2: #############################################################
-----BEGIN SSH HOST KEY KEYS-----
ecdsa-sha2-nistp256 AAAAE2VjZHNhLXNoYTItbmlzdHAyNTYAAAAIbmlzdHAyNTYAAABBBJwHXYMl+bYmLYf1BPgjeiyGgR3ikiNB2Y5KZQHWqSIcSXfQXSAz0AstGa/fZe8zacgC6f4uIq2T2B0n9igf9Uc= root@ubuntu-xenial
ssh-ed25519 AAAAC3NzaC1lZDI1NTE5AAAAIMaJLgqsxACu0vQb0/+WTx9zaLHEyxq9hL/lzBdMdtNk root@ubuntu-xenial
ssh-rsa AAAAB3NzaC1yc2EAAAADAQABAAABAQDLpz0JWa2XDE0yaaun6iT681tZl3482XEcX0qY/DB/cR7VwAIgLPrV/txHBg7FD69LKiQ+0LbeCi+ecZmnF//eU6xdvcWLkfUJ1mADIQhLBbf/ooTrFLi2GmEDP4uhBOm2diCR3hh9AFqaD/ngGB7PVCBMRxE5ihfhUXJ2bl21rrVqZ6grn4CUdOzRYUJHsy+Pi527J26Efcnuvb7PMruh7a6WI1h1TkNRupkM3mAuvkO0R35WARCIlKcvd/el/BnC58xOxJfti723KrJFR96+6+1T8yHWUYXkLALH7eEQtr/9z8EHI77J/U80XDSd3dPs/Fi0jJR5Hk0OnfPwAjAL root@ubuntu-xenial
-----END SSH HOST KEY KEYS-----
[   19.862712] cloud-init[1641]: Cloud-init v. 19.4-33-gbb4131a2-0ubuntu1~16.04.1 running 'modules:final' at Tue, 30 Jun 2020 19:31:09 +0000. Up 19.67 seconds.
[   19.867089] cloud-init[1641]: ci-info: no authorized SSH keys fingerprints found for user ubuntu.
[   19.870085] cloud-init[1641]: Cloud-init v. 19.4-33-gbb4131a2-0ubuntu1~16.04.1 finished at Tue, 30 Jun 2020 19:31:09 +0000. Datasource DataSourceNoCloud [seed=/dev/sdb][dsmode=net].  Up 19.85 seconds
[[0;32m  OK  [0m] Started Execute cloud user/final scripts.
[[0;32m  OK  [0m] Reached target Cloud-init target.

Ubuntu 16.04.6 LTS ubuntu-xenial ttyS0

ubuntu-xenial login: 